2026-04-28 16:50:42,098 - INFO - Client registered: Test User
2026-04-28 16:50:52,839 - INFO - Client registered: Test User
2026-04-28 16:57:44,237 - INFO - Client registered: User 1
2026-04-28 16:58:00,285 - INFO - Client registered: User 2
2026-04-28 16:58:07,792 - INFO - Client registered: User 3
2026-04-29 16:00:58,820 - INFO - Client registered: User 1
2026-04-29 12:52:49,196 - INFO - Client registered: User 1
2026-04-29 12:54:54,164 - INFO - Client registered: User 2
2026-04-29 12:55:04,807 - INFO - Client registered: User 3
2026-04-29 13:20:30,460 - INFO - Client nestor registered.
2026-04-29 13:21:00,472 - INFO - Res 1 created for nestor
2026-04-29 13:27:58,610 - INFO - Client registered: User 1
2026-04-29 13:28:05,342 - INFO - Client registered: User 2
2026-04-29 13:28:08,342 - INFO - Client registered: User 3
2026-04-29 13:34:14,131 - ERROR - Error: Name too short
2026-04-29 13:53:57,376 - ERROR - Error: Invalid email format
2026-04-29 13:54:03,605 - ERROR - Error: Name too short
2026-04-29 13:54:17,406 - INFO - Client nestor registered.
2026-04-29 13:55:24,601 - INFO - Client nestor registered.
2026-04-29 13:55:41,489 - INFO - Res 1 created for nestor
2026-04-29 14:14:59,010 - INFO - Client nestor registered.
2026-04-29 14:15:21,797 - INFO - Res ID 1 created for nestor
2026-04-29 14:20:21,026 - ERROR - Error: Name too short
2026-04-29 14:20:32,643 - INFO - Client nestor registered.
2026-04-29 14:20:47,070 - INFO - Res ID 1 created for nestor
2026-04-29 14:20:58,862 - INFO - Res ID 2 created for nestor
2026-04-29 16:33:52,130 - INFO - Client John registered.
2026-04-29 16:34:19,297 - INFO - Res ID 1 created for John
2026-04-29 16:30:48,681 - INFO - Client Nestor registered.
2026-04-29 16:31:15,304 - INFO - Res ID 1 created for Nestor
2026-04-29 17:54:50,190 - INFO - Service Salon grande (ID: 4) added.
2026-04-29 17:55:16,171 - INFO - Service taladro (ID: 5) added.
2026-04-29 17:58:01,089 - INFO - Service sala5 (ID: 4) added.
2026-04-29 17:58:19,568 - INFO - Service taladro (ID: 5) added.
2026-04-29 17:58:34,488 - INFO - Service contabilidad (ID: 6) added.
2026-04-29 20:16:23,608 - ERROR - Error: Email must be a non-empty string
2026-04-29 20:16:29,946 - ERROR - Error: Invalid email format
2026-04-29 20:16:35,389 - INFO - Client asfasfasf registered.
2026-04-29 20:48:02,859 - WARNING - Attempt to create reservation without clients
2026-04-30 15:13:28,038 - ERROR - Error: Invalid email format
2026-04-30 15:13:34,826 - INFO - Client john connor registered.
2026-04-30 15:14:04,596 - INFO - Service Cocktail service (ID: 4) added.
2026-04-30 15:14:20,016 - INFO - Reservation 1 confirmed
2026-04-30 15:14:20,016 - INFO - Reservation 1 successful. Cost: 1800.0
2026-04-30 15:14:20,017 - INFO - Reservation 1 processed
2026-04-30 15:14:21,782 - INFO - Res ID 1 created for john connor
2026-04-30 15:18:32,925 - WARNING - Attempt to create reservation without clients
2026-04-30 15:18:52,188 - INFO - Client John registered.
2026-04-30 15:19:11,597 - INFO - Service John  (ID: 4) added.
2026-04-30 15:48:19,467 - WARNING - Attempt to create reservation without clients
2026-04-30 16:03:40,321 - INFO - Client David registered.
2026-04-30 16:04:16,098 - INFO - Service Drinks (ID: 4) added.
2026-04-30 16:04:36,444 - INFO - Reservation 1 confirmed
2026-04-30 16:04:36,444 - INFO - Reservation 1 successful. Cost: 405.0
2026-04-30 16:04:36,444 - INFO - Reservation 1 processed
2026-04-30 16:04:42,365 - INFO - Res ID 1 created for David
2026-04-30 17:27:12,853 - WARNING - Intento de login fallido.
2026-04-30 17:27:27,608 - INFO - Login exitoso.
2026-04-30 17:29:42,432 - INFO - Login exitoso.

2026-05-03 12:41:14,335 - INFO - Login exitoso.
2026-05-03 12:41:25,666 - ERROR - Error registering client: Invalid email format (expected: user@domain.tld)
2026-05-03 12:41:34,358 - INFO - Client nestor registered (ID: 2F02C60D).
2026-05-03 12:41:46,944 - INFO - Reservation 8CFB6422 confirmed
2026-05-03 12:41:46,945 - INFO - Reservation 8CFB6422 successful. Cost: 0.0
2026-05-03 12:41:46,945 - INFO - Reservation 8CFB6422 processing attempt finished
2026-05-03 12:41:50,224 - INFO - Res ID 8CFB6422 created for nestor
2026-05-03 12:43:10,882 - INFO - Login exitoso.
2026-05-03 12:43:28,581 - INFO - Client Netstor registered (ID: 70B4C893).
2026-05-03 13:00:32,709 - INFO - Login exitoso.
2026-05-03 13:00:47,416 - INFO - Client nestor registered (ID: 1E132535).
2026-05-03 13:01:04,880 - ERROR - Service operation failed: invalid literal for int() with base 10: 'S001'
2026-05-03 13:09:29,605 - INFO - Login exitoso.
2026-05-03 13:09:44,293 - INFO - Client nestor registered (ID: 2C5C5FA2).
2026-05-03 13:09:53,649 - ERROR - Service operation failed: invalid literal for int() with base 10: 'S001'
2026-05-03 13:28:54,425 - INFO - Login exitoso.
2026-05-03 13:29:04,070 - INFO - Client nnestor registered (ID: 1A2C968C).
2026-05-03 13:31:38,313 - INFO - Login exitoso.
2026-05-03 13:31:50,563 - ERROR - Error registering client: Invalid email format (expected: user@domain.tld)
2026-05-03 13:31:55,538 - INFO - Client gdags registered (ID: 20CD5398).
2026-05-03 13:39:46,269 - INFO - Login exitoso.
2026-05-03 13:39:57,123 - INFO - Client nestor registered (ID: 2E55A00A).
2026-05-03 13:40:06,644 - INFO - Client karen registered (ID: 4F2D347F).
2026-05-03 13:40:28,748 - ERROR - Error en reservas: property 'status' of 'Reserva' object has no setter
2026-05-03 13:40:38,693 - ERROR - Error en reservas: property 'status' of 'Reserva' object has no setter
2026-05-03 13:40:50,649 - ERROR - Error en reservas: property 'status' of 'Reserva' object has no setter
2026-05-03 13:40:56,686 - ERROR - Error en reservas: property 'status' of 'Reserva' object has no setter
2026-05-03 13:42:22,888 - INFO - Login exitoso.
2026-05-03 13:42:31,123 - INFO - Client nestor registered (ID: FDFEEE33).
2026-05-03 13:42:39,167 - INFO - Client karen registered (ID: 6C22DA8B).
2026-05-03 13:42:59,312 - INFO - Reserva creada: 20BF2CF2
2026-05-03 13:43:22,901 - INFO - Reserva actualizada: 20BF2CF2
2026-05-03 13:43:51,993 - INFO - Reserva actualizada: 20BF2CF2
2026-05-03 13:44:20,115 - INFO - Reserva creada: 13E2259C
2026-05-03 13:44:33,906 - INFO - Reserva eliminada: 20BF2CF2
2026-05-03 13:45:17,745 - ERROR - Service operation failed: invalid literal for int() with base 10: 'S001'
2026-05-03 13:45:40,254 - INFO - Reserva actualizada: 13E2259C
2026-05-03 13:46:30,880 - INFO - Service ID A001 updated.
2026-05-03 13:46:46,720 - INFO - Reserva actualizada: 13E2259C
2026-05-03 13:47:15,828 - INFO - Reserva creada: 4093F3F2
2026-05-03 13:47:33,060 - INFO - Reserva creada: 56985EFF
2026-05-11 21:04:37,680 - INFO - Login exitoso.
2026-05-11 21:04:43,238 - INFO - [ResilienceTester] Processing operation 1: Uvier Salinas / Sala
2026-05-11 21:04:43,238 - INFO - Reservation DEB00C08 confirmed
2026-05-11 21:04:43,239 - DEBUG - calculate_total: base=250.0 discount=0.0 tax=0.0 total=250.0
2026-05-11 21:04:43,239 - INFO - Reservation DEB00C08 successful. Cost: $250.00
2026-05-11 21:04:43,239 - INFO - Reservation DEB00C08 processing attempt finished
2026-05-11 21:04:43,239 - INFO - [ResilienceTester] Case 01: [OK] — Uvier Salinas | Room Service: Sala Simulación A ($50.00/hr) | Duration: 5 | Total: $250.00
2026-05-11 21:04:43,239 - INFO - [ResilienceTester] Processing operation 2: Pepito Prueba / Asesoria
2026-05-11 21:04:43,239 - ERROR - [ResilienceTester] Case 02: [ValidationError] — Cannot set email for client '82433597': Invalid email format (expected: user@domain.tld)
2026-05-11 21:04:43,239 - INFO - [ResilienceTester] Processing operation 3: Daniela Mora / Equipo
2026-05-11 21:04:43,239 - ERROR - [ResilienceTester] Case 03: [ValidationError] — Duration must be positive (got -2.0)
2026-05-11 21:04:43,239 - INFO - [ResilienceTester] Processing operation 4: Pancracio Gil / Sala
2026-05-11 21:04:43,239 - INFO - Reservation E89EEE1C confirmed
2026-05-11 21:04:43,239 - DEBUG - calculate_total: base=400.0 discount=0.0 tax=0.0 total=400.0
2026-05-11 21:04:43,239 - INFO - Reservation E89EEE1C successful. Cost: $400.00
2026-05-11 21:04:43,239 - INFO - Reservation E89EEE1C processing attempt finished
2026-05-11 21:04:43,240 - INFO - [ResilienceTester] Case 04: [OK] — Pancracio Gil | Room Service: Sala Simulación A ($50.00/hr) | Duration: 8 | Total: $400.00
2026-05-11 21:04:43,240 - INFO - [ResilienceTester] Processing operation 5: Nestor Lopez / Equipo
2026-05-11 21:04:43,240 - ERROR - [ResilienceTester] Case 05: [UnexpectedError] — ValueError: could not convert string to float: 'abc'
2026-05-11 21:04:43,240 - INFO - [ResilienceTester] Processing operation 6: David Gomez / Asesoria
2026-05-11 21:04:43,240 - INFO - Reservation 5645A795 confirmed
2026-05-11 21:04:43,240 - DEBUG - calculate_total: base=1440.0 discount=0.0 tax=0.0 total=1440.0
2026-05-11 21:04:43,240 - INFO - Reservation 5645A795 successful. Cost: $1440.00
2026-05-11 21:04:43,240 - INFO - Reservation 5645A795 processing attempt finished
2026-05-11 21:04:43,240 - INFO - [ResilienceTester] Case 06: [OK] — David Gomez | Consulting Service: Python Avanzado ($120.00/session) | Duration: 12 | Total: $1440.00
2026-05-11 21:04:43,240 - INFO - [ResilienceTester] Processing operation 7:  / Sala
2026-05-11 21:04:43,240 - ERROR - [ResilienceTester] Case 07: [ValidationError] — Name must be a non-empty string
2026-05-11 21:04:43,240 - INFO - [ResilienceTester] Processing operation 8: Luciana Perez / Equipo
2026-05-11 21:04:43,240 - INFO - Reservation DE3C2A85 confirmed
2026-05-11 21:04:43,240 - DEBUG - calculate_total: base=210.0 discount=0.0 tax=0.0 total=210.0
2026-05-11 21:04:43,240 - INFO - Reservation DE3C2A85 successful. Cost: $210.00
2026-05-11 21:04:43,240 - INFO - Reservation DE3C2A85 processing attempt finished
2026-05-11 21:04:43,240 - INFO - [ResilienceTester] Case 08: [OK] — Luciana Perez | Equipment Service: Laptop HP Sim ($30.00/day) | Duration: 7 | Total: $210.00
2026-05-11 21:04:43,240 - INFO - [ResilienceTester] Processing operation 9: Cliente X / Sala
2026-05-11 21:04:43,240 - ERROR - [ResilienceTester] Case 09: [ValidationError] — Duration must be positive (got 0.0)
2026-05-11 21:04:43,240 - INFO - [ResilienceTester] Processing operation 10: Final UNAD / Asesoria
2026-05-11 21:04:43,240 - INFO - Reservation 50B867FD confirmed
2026-05-11 21:04:43,240 - DEBUG - calculate_total: base=120.0 discount=0.0 tax=0.0 total=120.0
2026-05-11 21:04:43,240 - INFO - Reservation 50B867FD successful. Cost: $120.00
2026-05-11 21:04:43,240 - INFO - Reservation 50B867FD processing attempt finished
2026-05-11 21:04:43,240 - INFO - [ResilienceTester] Case 10: [OK] — Final UNAD | Consulting Service: Python Avanzado ($120.00/session) | Duration: 1 | Total: $120.00
2026-05-11 21:04:49,358 - INFO - [ResilienceTester] Processing operation 1: Uvier Salinas / Sala
2026-05-11 21:04:49,359 - INFO - Reservation 5F439D90 confirmed
2026-05-11 21:04:49,359 - DEBUG - calculate_total: base=250.0 discount=0.0 tax=0.0 total=250.0
2026-05-11 21:04:49,359 - INFO - Reservation 5F439D90 successful. Cost: $250.00
2026-05-11 21:04:49,359 - INFO - Reservation 5F439D90 processing attempt finished
2026-05-11 21:04:49,359 - INFO - [ResilienceTester] Case 01: [OK] — Uvier Salinas | Room Service: Sala Simulación A ($50.00/hr) | Duration: 5 | Total: $250.00
2026-05-11 21:04:49,359 - INFO - [ResilienceTester] Processing operation 2: Pepito Prueba / Asesoria
2026-05-11 21:04:49,359 - ERROR - [ResilienceTester] Case 02: [ValidationError] — Cannot set email for client '922EA6EF': Invalid email format (expected: user@domain.tld)
2026-05-11 21:04:49,359 - INFO - [ResilienceTester] Processing operation 3: Daniela Mora / Equipo
2026-05-11 21:04:49,359 - ERROR - [ResilienceTester] Case 03: [ValidationError] — Duration must be positive (got -2.0)
2026-05-11 21:04:49,359 - INFO - [ResilienceTester] Processing operation 4: Pancracio Gil / Sala
2026-05-11 21:04:49,359 - INFO - Reservation 781F9CFD confirmed
2026-05-11 21:04:49,359 - DEBUG - calculate_total: base=400.0 discount=0.0 tax=0.0 total=400.0
2026-05-11 21:04:49,359 - INFO - Reservation 781F9CFD successful. Cost: $400.00
2026-05-11 21:04:49,359 - INFO - Reservation 781F9CFD processing attempt finished
2026-05-11 21:04:49,359 - INFO - [ResilienceTester] Case 04: [OK] — Pancracio Gil | Room Service: Sala Simulación A ($50.00/hr) | Duration: 8 | Total: $400.00
2026-05-11 21:04:49,359 - INFO - [ResilienceTester] Processing operation 5: Nestor Lopez / Equipo
2026-05-11 21:04:49,359 - ERROR - [ResilienceTester] Case 05: [UnexpectedError] — ValueError: could not convert string to float: 'abc'
2026-05-11 21:04:49,359 - INFO - [ResilienceTester] Processing operation 6: David Gomez / Asesoria
2026-05-11 21:04:49,359 - INFO - Reservation 8431E623 confirmed
2026-05-11 21:04:49,359 - DEBUG - calculate_total: base=1440.0 discount=0.0 tax=0.0 total=1440.0
2026-05-11 21:04:49,359 - INFO - Reservation 8431E623 successful. Cost: $1440.00
2026-05-11 21:04:49,360 - INFO - Reservation 8431E623 processing attempt finished
2026-05-11 21:04:49,360 - INFO - [ResilienceTester] Case 06: [OK] — David Gomez | Consulting Service: Python Avanzado ($120.00/session) | Duration: 12 | Total: $1440.00
2026-05-11 21:04:49,360 - INFO - [ResilienceTester] Processing operation 7:  / Sala
2026-05-11 21:04:49,360 - ERROR - [ResilienceTester] Case 07: [ValidationError] — Name must be a non-empty string
2026-05-11 21:04:49,360 - INFO - [ResilienceTester] Processing operation 8: Luciana Perez / Equipo
2026-05-11 21:04:49,360 - INFO - Reservation 57A29A0E confirmed
2026-05-11 21:04:49,360 - DEBUG - calculate_total: base=210.0 discount=0.0 tax=0.0 total=210.0
2026-05-11 21:04:49,360 - INFO - Reservation 57A29A0E successful. Cost: $210.00
2026-05-11 21:04:49,360 - INFO - Reservation 57A29A0E processing attempt finished
2026-05-11 21:04:49,360 - INFO - [ResilienceTester] Case 08: [OK] — Luciana Perez | Equipment Service: Laptop HP Sim ($30.00/day) | Duration: 7 | Total: $210.00
2026-05-11 21:04:49,360 - INFO - [ResilienceTester] Processing operation 9: Cliente X / Sala
2026-05-11 21:04:49,360 - ERROR - [ResilienceTester] Case 09: [ValidationError] — Duration must be positive (got 0.0)
2026-05-11 21:04:49,360 - INFO - [ResilienceTester] Processing operation 10: Final UNAD / Asesoria
2026-05-11 21:04:49,360 - INFO - Reservation 18F09DD0 confirmed
2026-05-11 21:04:49,360 - DEBUG - calculate_total: base=120.0 discount=0.0 tax=0.0 total=120.0
2026-05-11 21:04:49,360 - INFO - Reservation 18F09DD0 successful. Cost: $120.00
2026-05-11 21:04:49,360 - INFO - Reservation 18F09DD0 processing attempt finished
2026-05-11 21:04:49,360 - INFO - [ResilienceTester] Case 10: [OK] — Final UNAD | Consulting Service: Python Avanzado ($120.00/session) | Duration: 1 | Total: $120.00
2026-05-11 21:05:05,086 - INFO - Client david registered (ID: 159BB361).
2026-05-11 21:05:38,014 - DEBUG - Reservation AAFEAF82 status set to 'Confirmed'
2026-05-11 21:05:38,014 - DEBUG - calculate_total: base=250.0 discount=0.05 tax=0.0 total=237.5
2026-05-11 21:05:38,014 - INFO - Reserva creada: AAFEAF82 — Reserva[AAFEAF82] david \u2192 Meeting Room A | Confirmed | $237.50
2026-05-11 21:05:39,470 - DEBUG - calculate_total: base=250.0 discount=0.05 tax=0.0 total=237.5
2026-05-11 21:05:39,470 - DEBUG - save_res() attempt finished
2026-05-11 21:05:51,022 - DEBUG - Reservation AAFEAF82 status set to 'Rescheduled'
2026-05-11 21:05:51,022 - INFO - Reserva actualizada: AAFEAF82
2026-05-11 21:05:52,292 - DEBUG - calculate_total: base=250.0 discount=0.05 tax=0.0 total=237.5
2026-05-11 21:05:52,292 - DEBUG - save_res() attempt finished
2026-05-11 21:05:56,518 - INFO - Session closed by user.
2026-05-11 21:06:03,542 - INFO - Login exitoso.
2026-05-11 21:13:38,419 - INFO - Login exitoso.
2026-05-11 21:19:29,317 - INFO - Login exitoso.
2026-05-11 21:19:33,790 - INFO - [ResilienceTester] Processing operation 1: Uvier Salinas / Sala
2026-05-11 21:19:33,791 - INFO - Reservation 09176EB3 confirmed
2026-05-11 21:19:33,791 - DEBUG - calculate_total: base=250.0 discount=0.0 tax=0.0 total=250.0
2026-05-11 21:19:33,791 - INFO - Reservation 09176EB3 successful. Cost: $250.00
2026-05-11 21:19:33,791 - INFO - Reservation 09176EB3 processing attempt finished
2026-05-11 21:19:33,792 - INFO - [ResilienceTester] Case 01: [OK] — Uvier Salinas | Room Service: Sala Simulación A ($50.00/hr) | Duration: 5 | Total: $250.00
2026-05-11 21:19:33,792 - INFO - [ResilienceTester] Processing operation 2: Pepito Prueba / Asesoria
2026-05-11 21:19:33,792 - ERROR - [ResilienceTester] Case 02: [ValidationError] — Cannot set email for client '3E4DFD4E': Invalid email format (expected: user@domain.tld)
2026-05-11 21:19:33,793 - INFO - [ResilienceTester] Processing operation 3: Daniela Mora / Equipo
2026-05-11 21:19:33,793 - ERROR - [ResilienceTester] Case 03: [ValidationError] — Duration must be positive (got -2.0)
2026-05-11 21:19:33,793 - INFO - [ResilienceTester] Processing operation 4: Pancracio Gil / Sala
2026-05-11 21:19:33,793 - INFO - Reservation 7CEE867A confirmed
2026-05-11 21:19:33,793 - DEBUG - calculate_total: base=400.0 discount=0.0 tax=0.0 total=400.0
2026-05-11 21:19:33,793 - INFO - Reservation 7CEE867A successful. Cost: $400.00
2026-05-11 21:19:33,793 - INFO - Reservation 7CEE867A processing attempt finished
2026-05-11 21:19:33,794 - INFO - [ResilienceTester] Case 04: [OK] — Pancracio Gil | Room Service: Sala Simulación A ($50.00/hr) | Duration: 8 | Total: $400.00
2026-05-11 21:19:33,794 - INFO - [ResilienceTester] Processing operation 5: Nestor Lopez / Equipo
2026-05-11 21:19:33,794 - ERROR - [ResilienceTester] Case 05: [UnexpectedError] — ValueError: could not convert string to float: 'abc'
2026-05-11 21:19:33,794 - INFO - [ResilienceTester] Processing operation 6: David Gomez / Asesoria
2026-05-11 21:19:33,794 - INFO - Reservation 60D8F320 confirmed
2026-05-11 21:19:33,794 - DEBUG - calculate_total: base=1440.0 discount=0.0 tax=0.0 total=1440.0
2026-05-11 21:19:33,794 - INFO - Reservation 60D8F320 successful. Cost: $1440.00
2026-05-11 21:19:33,794 - INFO - Reservation 60D8F320 processing attempt finished
2026-05-11 21:19:33,794 - INFO - [ResilienceTester] Case 06: [OK] — David Gomez | Consulting Service: Python Avanzado ($120.00/session) | Duration: 12 | Total: $1440.00
2026-05-11 21:19:33,794 - INFO - [ResilienceTester] Processing operation 7:  / Sala
2026-05-11 21:19:33,794 - ERROR - [ResilienceTester] Case 07: [ValidationError] — Name must be a non-empty string
2026-05-11 21:19:33,794 - INFO - [ResilienceTester] Processing operation 8: Luciana Perez / Equipo
2026-05-11 21:19:33,794 - INFO - Reservation A7D14F67 confirmed
2026-05-11 21:19:33,794 - DEBUG - calculate_total: base=210.0 discount=0.0 tax=0.0 total=210.0
2026-05-11 21:19:33,794 - INFO - Reservation A7D14F67 successful. Cost: $210.00
2026-05-11 21:19:33,794 - INFO - Reservation A7D14F67 processing attempt finished
2026-05-11 21:19:33,794 - INFO - [ResilienceTester] Case 08: [OK] — Luciana Perez | Equipment Service: Laptop HP Sim ($30.00/day) | Duration: 7 | Total: $210.00
2026-05-11 21:19:33,794 - INFO - [ResilienceTester] Processing operation 9: Cliente X / Sala
2026-05-11 21:19:33,794 - ERROR - [ResilienceTester] Case 09: [ValidationError] — Duration must be positive (got 0.0)
2026-05-11 21:19:33,794 - INFO - [ResilienceTester] Processing operation 10: Final UNAD / Asesoria
2026-05-11 21:19:33,794 - INFO - Reservation 93F55575 confirmed
2026-05-11 21:19:33,794 - DEBUG - calculate_total: base=120.0 discount=0.0 tax=0.0 total=120.0
2026-05-11 21:19:33,794 - INFO - Reservation 93F55575 successful. Cost: $120.00
2026-05-11 21:19:33,794 - INFO - Reservation 93F55575 processing attempt finished
2026-05-11 21:19:33,795 - INFO - [ResilienceTester] Case 10: [OK] — Final UNAD | Consulting Service: Python Avanzado ($120.00/session) | Duration: 1 | Total: $120.00
2026-05-11 21:19:39,973 - INFO - [ResilienceTester] Processing operation 1: Uvier Salinas / Sala
2026-05-11 21:19:39,974 - INFO - Reservation 122504A0 confirmed
2026-05-11 21:19:39,974 - DEBUG - calculate_total: base=250.0 discount=0.0 tax=0.0 total=250.0
2026-05-11 21:19:39,974 - INFO - Reservation 122504A0 successful. Cost: $250.00
2026-05-11 21:19:39,974 - INFO - Reservation 122504A0 processing attempt finished
2026-05-11 21:19:39,974 - INFO - [ResilienceTester] Case 01: [OK] — Uvier Salinas | Room Service: Sala Simulación A ($50.00/hr) | Duration: 5 | Total: $250.00
2026-05-11 21:19:39,974 - INFO - [ResilienceTester] Processing operation 2: Pepito Prueba / Asesoria
2026-05-11 21:19:39,974 - ERROR - [ResilienceTester] Case 02: [ValidationError] — Cannot set email for client '40227585': Invalid email format (expected: user@domain.tld)
2026-05-11 21:19:39,974 - INFO - [ResilienceTester] Processing operation 3: Daniela Mora / Equipo
2026-05-11 21:19:39,974 - ERROR - [ResilienceTester] Case 03: [ValidationError] — Duration must be positive (got -2.0)
2026-05-11 21:19:39,974 - INFO - [ResilienceTester] Processing operation 4: Pancracio Gil / Sala
2026-05-11 21:19:39,974 - INFO - Reservation 1884B0A0 confirmed
2026-05-11 21:19:39,974 - DEBUG - calculate_total: base=400.0 discount=0.0 tax=0.0 total=400.0
2026-05-11 21:19:39,974 - INFO - Reservation 1884B0A0 successful. Cost: $400.00
2026-05-11 21:19:39,974 - INFO - Reservation 1884B0A0 processing attempt finished
2026-05-11 21:19:39,974 - INFO - [ResilienceTester] Case 04: [OK] — Pancracio Gil | Room Service: Sala Simulación A ($50.00/hr) | Duration: 8 | Total: $400.00
2026-05-11 21:19:39,974 - INFO - [ResilienceTester] Processing operation 5: Nestor Lopez / Equipo
2026-05-11 21:19:39,974 - ERROR - [ResilienceTester] Case 05: [UnexpectedError] — ValueError: could not convert string to float: 'abc'
2026-05-11 21:19:39,974 - INFO - [ResilienceTester] Processing operation 6: David Gomez / Asesoria
2026-05-11 21:19:39,974 - INFO - Reservation 8A8BA09C confirmed
2026-05-11 21:19:39,975 - DEBUG - calculate_total: base=1440.0 discount=0.0 tax=0.0 total=1440.0
2026-05-11 21:19:39,975 - INFO - Reservation 8A8BA09C successful. Cost: $1440.00
2026-05-11 21:19:39,975 - INFO - Reservation 8A8BA09C processing attempt finished
2026-05-11 21:19:39,975 - INFO - [ResilienceTester] Case 06: [OK] — David Gomez | Consulting Service: Python Avanzado ($120.00/session) | Duration: 12 | Total: $1440.00
2026-05-11 21:19:39,975 - INFO - [ResilienceTester] Processing operation 7:  / Sala
2026-05-11 21:19:39,975 - ERROR - [ResilienceTester] Case 07: [ValidationError] — Name must be a non-empty string
2026-05-11 21:19:39,975 - INFO - [ResilienceTester] Processing operation 8: Luciana Perez / Equipo
2026-05-11 21:19:39,975 - INFO - Reservation 5B6DD9CD confirmed
2026-05-11 21:19:39,975 - DEBUG - calculate_total: base=210.0 discount=0.0 tax=0.0 total=210.0
2026-05-11 21:19:39,975 - INFO - Reservation 5B6DD9CD successful. Cost: $210.00
2026-05-11 21:19:39,975 - INFO - Reservation 5B6DD9CD processing attempt finished
2026-05-11 21:19:39,975 - INFO - [ResilienceTester] Case 08: [OK] — Luciana Perez | Equipment Service: Laptop HP Sim ($30.00/day) | Duration: 7 | Total: $210.00
2026-05-11 21:19:39,975 - INFO - [ResilienceTester] Processing operation 9: Cliente X / Sala
2026-05-11 21:19:39,975 - ERROR - [ResilienceTester] Case 09: [ValidationError] — Duration must be positive (got 0.0)
2026-05-11 21:19:39,975 - INFO - [ResilienceTester] Processing operation 10: Final UNAD / Asesoria
2026-05-11 21:19:39,975 - INFO - Reservation BFFF521D confirmed
2026-05-11 21:19:39,975 - DEBUG - calculate_total: base=120.0 discount=0.0 tax=0.0 total=120.0
2026-05-11 21:19:39,975 - INFO - Reservation BFFF521D successful. Cost: $120.00
2026-05-11 21:19:39,975 - INFO - Reservation BFFF521D processing attempt finished
2026-05-11 21:19:39,975 - INFO - [ResilienceTester] Case 10: [OK] — Final UNAD | Consulting Service: Python Avanzado ($120.00/session) | Duration: 1 | Total: $120.00
2026-05-11 21:19:57,341 - INFO - [ResilienceTester] Processing operation 1: Uvier Salinas / Sala
2026-05-11 21:19:57,342 - INFO - Reservation 2F0CF70A confirmed
2026-05-11 21:19:57,342 - DEBUG - calculate_total: base=250.0 discount=0.0 tax=0.0 total=250.0
2026-05-11 21:19:57,342 - INFO - Reservation 2F0CF70A successful. Cost: $250.00
2026-05-11 21:19:57,342 - INFO - Reservation 2F0CF70A processing attempt finished
2026-05-11 21:19:57,342 - INFO - [ResilienceTester] Case 01: [OK] — Uvier Salinas | Room Service: Sala Simulación A ($50.00/hr) | Duration: 5 | Total: $250.00
2026-05-11 21:19:57,342 - INFO - [ResilienceTester] Processing operation 2: Pepito Prueba / Asesoria
2026-05-11 21:19:57,342 - ERROR - [ResilienceTester] Case 02: [ValidationError] — Cannot set email for client 'CAA34A27': Invalid email format (expected: user@domain.tld)
2026-05-11 21:19:57,342 - INFO - [ResilienceTester] Processing operation 3: Daniela Mora / Equipo
2026-05-11 21:19:57,342 - ERROR - [ResilienceTester] Case 03: [ValidationError] — Duration must be positive (got -2.0)
2026-05-11 21:19:57,342 - INFO - [ResilienceTester] Processing operation 4: Pancracio Gil / Sala
2026-05-11 21:19:57,342 - INFO - Reservation 09698912 confirmed
2026-05-11 21:19:57,342 - DEBUG - calculate_total: base=400.0 discount=0.0 tax=0.0 total=400.0
2026-05-11 21:19:57,342 - INFO - Reservation 09698912 successful. Cost: $400.00
2026-05-11 21:19:57,342 - INFO - Reservation 09698912 processing attempt finished
2026-05-11 21:19:57,342 - INFO - [ResilienceTester] Case 04: [OK] — Pancracio Gil | Room Service: Sala Simulación A ($50.00/hr) | Duration: 8 | Total: $400.00
2026-05-11 21:19:57,342 - INFO - [ResilienceTester] Processing operation 5: Nestor Lopez / Equipo
2026-05-11 21:19:57,342 - ERROR - [ResilienceTester] Case 05: [UnexpectedError] — ValueError: could not convert string to float: 'abc'
2026-05-11 21:19:57,342 - INFO - [ResilienceTester] Processing operation 6: David Gomez / Asesoria
2026-05-11 21:19:57,343 - INFO - Reservation C4AF3E07 confirmed
2026-05-11 21:19:57,343 - DEBUG - calculate_total: base=1440.0 discount=0.0 tax=0.0 total=1440.0
2026-05-11 21:19:57,343 - INFO - Reservation C4AF3E07 successful. Cost: $1440.00
2026-05-11 21:19:57,343 - INFO - Reservation C4AF3E07 processing attempt finished
2026-05-11 21:19:57,343 - INFO - [ResilienceTester] Case 06: [OK] — David Gomez | Consulting Service: Python Avanzado ($120.00/session) | Duration: 12 | Total: $1440.00
2026-05-11 21:19:57,343 - INFO - [ResilienceTester] Processing operation 7:  / Sala
2026-05-11 21:19:57,343 - ERROR - [ResilienceTester] Case 07: [ValidationError] — Name must be a non-empty string
2026-05-11 21:19:57,343 - INFO - [ResilienceTester] Processing operation 8: Luciana Perez / Equipo
2026-05-11 21:19:57,343 - INFO - Reservation 9B208832 confirmed
2026-05-11 21:19:57,343 - DEBUG - calculate_total: base=210.0 discount=0.0 tax=0.0 total=210.0
2026-05-11 21:19:57,343 - INFO - Reservation 9B208832 successful. Cost: $210.00
2026-05-11 21:19:57,343 - INFO - Reservation 9B208832 processing attempt finished
2026-05-11 21:19:57,343 - INFO - [ResilienceTester] Case 08: [OK] — Luciana Perez | Equipment Service: Laptop HP Sim ($30.00/day) | Duration: 7 | Total: $210.00
2026-05-11 21:19:57,343 - INFO - [ResilienceTester] Processing operation 9: Cliente X / Sala
2026-05-11 21:19:57,343 - ERROR - [ResilienceTester] Case 09: [ValidationError] — Duration must be positive (got 0.0)
2026-05-11 21:19:57,343 - INFO - [ResilienceTester] Processing operation 10: Final UNAD / Asesoria
2026-05-11 21:19:57,343 - INFO - Reservation 3572472C confirmed
2026-05-11 21:19:57,343 - DEBUG - calculate_total: base=120.0 discount=0.0 tax=0.0 total=120.0
2026-05-11 21:19:57,343 - INFO - Reservation 3572472C successful. Cost: $120.00
2026-05-11 21:19:57,343 - INFO - Reservation 3572472C processing attempt finished
2026-05-11 21:19:57,343 - INFO - [ResilienceTester] Case 10: [OK] — Final UNAD | Consulting Service: Python Avanzado ($120.00/session) | Duration: 1 | Total: $120.00
