2026-05-06 12:07:28,712 - ERROR - ID Reserva R3: La cantidad/duración no puede ser cero o negativa[cite: 1]
2026-05-06 12:07:28,714 - ERROR - ID Reserva R6: La cantidad/duración no puede ser cero o negativa[cite: 1]
2026-05-06 12:07:31,198 - ERROR - ID Reserva R3: La cantidad/duración no puede ser cero o negativa[cite: 1]
2026-05-06 12:07:31,200 - ERROR - ID Reserva R6: La cantidad/duración no puede ser cero o negativa[cite: 1]
2026-05-06 12:07:33,166 - ERROR - ID Reserva R3: La cantidad/duración no puede ser cero o negativa[cite: 1]
2026-05-06 12:07:33,168 - ERROR - ID Reserva R6: La cantidad/duración no puede ser cero o negativa[cite: 1]
2026-05-06 12:08:50,280 - ERROR - ID Reserva R3: La cantidad/duración no puede ser cero o negativa[cite: 1]
2026-05-06 12:08:50,282 - ERROR - ID Reserva R6: La cantidad/duración no puede ser cero o negativa[cite: 1]
2026-05-06 12:08:50,287 - ERROR - ID Reserva R3: La cantidad/duración no puede ser cero o negativa[cite: 1]
2026-05-06 12:08:50,289 - ERROR - ID Reserva R6: La cantidad/duración no puede ser cero o negativa[cite: 1]
2026-05-06 12:12:53,188 - ERROR - Falla en reserva: could not convert string to float: '2 horas'
2026-05-06 12:18:35,647 - ERROR - Error de validación: Nombre muy corto (mínimo 3 caracteres)[cite: 1]
2026-05-06 12:18:58,210 - ERROR - Error de validación: Email inválido (falta @)[cite: 1]
2026-05-06 12:19:28,637 - ERROR - Falla en reserva: Cantidad inválida[cite: 1]
2026-05-06 12:20:05,452 - ERROR - Error de validación: Email inválido (falta @)[cite: 1]
2026-05-06 12:20:26,587 - ERROR - Error de validación: Email inválido (falta @)[cite: 1]
2026-05-06 12:21:09,153 - ERROR - Error de validación: Email inválido (falta @)[cite: 1]
2026-05-06 12:21:19,783 - ERROR - Error de validación: Email inválido (falta @)[cite: 1]
2026-05-06 12:21:40,229 - ERROR - Error de validación: Email inválido (falta @)[cite: 1]
2026-05-06 12:22:01,603 - ERROR - Error de validación: Nombre muy corto (mínimo 3 caracteres)[cite: 1]
